// Jest Snapshot v1, https://goo.gl/fbAQLP

exports[`<ListElement /> tests should match ListElement component snapshot 1`] = `
<View
  accessible={true}
  collapsable={false}
  focusable={true}
  onClick={[Function]}
  onResponderGrant={[Function]}
  onResponderMove={[Function]}
  onResponderRelease={[Function]}
  onResponderTerminate={[Function]}
  onResponderTerminationRequest={[Function]}
  onStartShouldSetResponder={[Function]}
  style={
    Object {
      "backgroundColor": "#ffffff",
      "borderRadius": 10,
      "flex": 1,
      "flexDirection": "row",
      "justifyContent": "flex-start",
      "marginBottom": 19.5,
      "opacity": 1,
      "padding": 13.5,
      "width": "100%",
    }
  }
>
  <View
    style={
      Object {
        "borderColor": "#bdbdbd",
        "borderRadius": 10,
        "padding": 13.5,
      }
    }
  >
    <Image
      source={
        Object {
          "uri": "",
        }
      }
      style={
        Object {
          "borderRadius": 10,
          "height": 157,
          "width": 171.5,
        }
      }
    />
  </View>
  <View
    style={
      Object {
        "flex": 1,
        "justifyContent": "center",
        "paddingLeft": 19.5,
      }
    }
  >
    <Text
      style={
        Object {
          "color": "#00838f",
          "fontSize": 15,
        }
      }
    >
      Travel
    </Text>
    <Text
      style={
        Object {
          "fontSize": 20,
          "paddingVertical": 10,
        }
      }
    >
      TripIt: Travel Planner
    </Text>
  </View>
</View>
`;
